mvn : WARNING: A restricted method in java.lang.System has been called
At line:1 char:1
+ mvn test -Dtest=EditInvoiceTest#testEditQuantityToZero -DfailIfNoTest ...
+ ~~~~~~~~~~~~~~~~~~~~~~~~~~~~~~~~~~~~~~~~~~~~~~~~~~~~~~~~~~~~~~~~~~~~~
    + CategoryInfo          : NotSpecified: (WARNING: A rest...has been called:String) [], Remote 
   Exception
    + FullyQualifiedErrorId : NativeCommandError
 
WARNING: java.lang.System::load has been called by org.fusesource.jansi.internal.JansiLoader in 
an unnamed module (file:/C:/apache-maven-3.9.0/lib/jansi-2.4.0.jar)
WARNING: Use --enable-native-access=ALL-UNNAMED to avoid a warning for callers in this module
WARNING: Restricted methods will be blocked in a future release unless native access is enabled

WARNING: A terminally deprecated method in sun.misc.Unsafe has been called
WARNING: sun.misc.Unsafe::objectFieldOffset has been called by 
com.google.common.util.concurrent.AbstractFuture$UnsafeAtomicHelper 
(file:/C:/apache-maven-3.9.0/lib/guava-30.1-jre.jar)
WARNING: Please consider reporting this to the maintainers of class 
com.google.common.util.concurrent.AbstractFuture$UnsafeAtomicHelper
WARNING: sun.misc.Unsafe::objectFieldOffset will be removed in a future release
WARNING: Final field _cipher in class 
org.sonatype.plexus.components.sec.dispatcher.DefaultSecDispatcher has been mutated reflectively 
by class org.eclipse.sisu.bean.BeanPropertyField in unnamed module @341b80b2 
(file:/C:/apache-maven-3.9.0/lib/org.eclipse.sisu.inject-0.3.5.jar)
WARNING: Use --enable-final-field-mutation=ALL-UNNAMED to avoid a warning
WARNING: Mutating final fields will be blocked in a future release unless final field mutation is 
enabled
[INFO] Scanning for projects...
[INFO] 
[INFO] ---------------< org.example:KTAuto_Sele_Java_Nhom6_CK >----------------
[INFO] Building KTAuto_Sele_Java_Nhom6_CK 1.0-SNAPSHOT
[INFO]   from pom.xml
[INFO] --------------------------------[ jar ]---------------------------------
[INFO] 
[INFO] --- resources:3.3.0:resources (default-resources) @ KTAuto_Sele_Java_Nhom6_CK ---
[INFO] skip non existing resourceDirectory E:\TEST_WEB\test_auto\KTAuto_Sele_Java_Nhom6_CK\src\main\resources
[INFO] 
[INFO] --- compiler:3.10.1:compile (default-compile) @ KTAuto_Sele_Java_Nhom6_CK ---
[INFO] Changes detected - recompiling the module!
[INFO] Compiling 9 source files to E:\TEST_WEB\test_auto\KTAuto_Sele_Java_Nhom6_CK\target\classes
[INFO] 
[INFO] --- resources:3.3.0:testResources (default-testResources) @ KTAuto_Sele_Java_Nhom6_CK ---
[INFO] skip non existing resourceDirectory E:\TEST_WEB\test_auto\KTAuto_Sele_Java_Nhom6_CK\src\test\resources
[INFO] 
[INFO] --- compiler:3.10.1:testCompile (default-testCompile) @ KTAuto_Sele_Java_Nhom6_CK ---
[INFO] Changes detected - recompiling the module!
[INFO] Compiling 4 source files to E:\TEST_WEB\test_auto\KTAuto_Sele_Java_Nhom6_CK\target\test-classes
[INFO] 
[INFO] --- surefire:3.0.0-M8:test (default-test) @ KTAuto_Sele_Java_Nhom6_CK ---
[INFO] Using auto detected provider org.apache.maven.surefire.testng.TestNGProvider
[INFO] 
[INFO] -------------------------------------------------------
[INFO]  T E S T S
[INFO] -------------------------------------------------------
[INFO] Running testcases.EditInvoiceTest
SLF4J: Failed to load class "org.slf4j.impl.StaticLoggerBinder".
SLF4J: Defaulting to no-operation (NOP) logger implementation
SLF4J: See http://www.slf4j.org/codes.html#StaticLoggerBinder for further details.
thg 4 30, 2026 1:49:16 CH org.openqa.selenium.devtools.CdpVersionFinder findNearestMatch
WARNING: Unable to find CDP implementation matching 147
thg 4 30, 2026 1:49:16 CH org.openqa.selenium.chromium.ChromiumDriver lambda$new$5
WARNING: Unable to find version of CDP to use for 147.0.7727.117. You may need to include a 
dependency on a specific version of the CDP using something similar to 
`org.seleniumhq.selenium:selenium-devtools-v86:4.18.1` where the version ("v86") matches the 
version of the chromium-based browser you're using and the version number of the artifact is the 
same as Selenium's.
TĂ¬m kiáº¿m hĂ³a Ä‘Æ¡n: HDN01
Báº£ng Ä‘Ă£ load
TĂ¬m tháº¥y element, click vĂ o...
ÄĂ£ click, chá» modal má»Ÿ...
Modal Ä‘Ă£ má»Ÿ
=== Táº¥t cáº£ input fields trong trang ===
Input 0: name=, id=, type=checkbox, class=
Input 1: name=, id=, type=checkbox, class=
Input 2: name=, id=, type=checkbox, class=
Input 3: name=, id=, type=checkbox, class=
Input 4: name=, id=searchInput, type=text, class=
Input 5: name=, id=checkAll, type=checkbox, class=
Input 6: name=, id=, type=checkbox, class=row-check
Input 7: name=, id=, type=checkbox, class=row-check
Input 8: name=, id=, type=checkbox, class=row-check
Input 9: name=, id=, type=checkbox, class=row-check
Input 10: name=, id=, type=checkbox, class=row-check
=== Háº¿t danh sĂ¡ch ===
Error entering quantity: Expected condition failed: waiting for presence of element located by: By.cssSelector: input[name='splQuantity'] (tried for 15 second(s) with 500 milliseconds interval)
[ERROR] Tests run: 1, Failures: 1, Errors: 0, Skipped: 0, Time elapsed: 37.354 s <<< FAILURE! - in testcases.EditInvoiceTest
[ERROR] testcases.EditInvoiceTest.testEditQuantityToZero  Time elapsed: 22.401 s  <<< FAILURE!
java.lang.RuntimeException: org.openqa.selenium.TimeoutException: Expected condition failed: waiting for presence of element located by: By.cssSelector: input[name='splQuantity'] (tried for 15 second(s) with 500 milliseconds interval)
	at pageobjects.EditInvoicePage.enterQuantity(EditInvoicePage.java:92)
	at testcases.EditInvoiceTest.testEditQuantityToZero(EditInvoiceTest.java:54)
	at java.base/jdk.internal.reflect.DirectMethodHandleAccessor.invoke(DirectMethodHandleAccessor.java:104)
	at java.base/java.lang.reflect.Method.invoke(Method.java:565)
	at org.testng.internal.invokers.MethodInvocationHelper.invokeMethod(MethodInvocationHelper.java:139)
	at org.testng.internal.invokers.TestInvoker.invokeMethod(TestInvoker.java:664)
	at org.testng.internal.invokers.TestInvoker.invokeTestMethod(TestInvoker.java:228)
	at org.testng.internal.invokers.MethodRunner.runInSequence(MethodRunner.java:63)
	at org.testng.internal.invokers.TestInvoker$MethodInvocationAgent.invoke(TestInvoker.java:961)
	at org.testng.internal.invokers.TestInvoker.invokeTestMethods(TestInvoker.java:201)
	at org.testng.internal.invokers.TestMethodWorker.invokeTestMethods(TestMethodWorker.java:148)
	at org.testng.internal.invokers.TestMethodWorker.run(TestMethodWorker.java:128)
	at java.base/java.util.ArrayList.forEach(ArrayList.java:1612)
	at org.testng.TestRunner.privateRun(TestRunner.java:819)
	at org.testng.TestRunner.run(TestRunner.java:619)
	at org.testng.SuiteRunner.runTest(SuiteRunner.java:443)
	at org.testng.SuiteRunner.runSequentially(SuiteRunner.java:437)
	at org.testng.SuiteRunner.privateRun(SuiteRunner.java:397)
	at org.testng.SuiteRunner.run(SuiteRunner.java:336)
	at org.testng.SuiteRunnerWorker.runSuite(SuiteRunnerWorker.java:52)
	at org.testng.SuiteRunnerWorker.run(SuiteRunnerWorker.java:95)
	at org.testng.TestNG.runSuitesSequentially(TestNG.java:1301)
	at org.testng.TestNG.runSuitesLocally(TestNG.java:1228)
	at org.testng.TestNG.runSuites(TestNG.java:1134)
	at org.testng.TestNG.run(TestNG.java:1101)
	at org.apache.maven.surefire.testng.TestNGExecutor.run(TestNGExecutor.java:151)
	at org.apache.maven.surefire.testng.TestNGDirectoryTestSuite.executeSingleClass(TestNGDirectoryTestSuite.java:111)
	at org.apache.maven.surefire.testng.TestNGDirectoryTestSuite.execute(TestNGDirectoryTestSuite.java:98)
	at org.apache.maven.surefire.testng.TestNGProvider.invoke(TestNGProvider.java:155)
	at org.apache.maven.surefire.booter.ForkedBooter.runSuitesInProcess(ForkedBooter.java:456)
	at org.apache.maven.surefire.booter.ForkedBooter.execute(ForkedBooter.java:169)
	at org.apache.maven.surefire.booter.ForkedBooter.run(ForkedBooter.java:595)
	at org.apache.maven.surefire.booter.ForkedBooter.main(ForkedBooter.java:581)
Caused by: org.openqa.selenium.TimeoutException: Expected condition failed: waiting for presence of element located by: By.cssSelector: input[name='splQuantity'] (tried for 15 second(s) with 500 milliseconds interval)
	at org.openqa.selenium.support.ui.WebDriverWait.timeoutException(WebDriverWait.java:84)
	at org.openqa.selenium.support.ui.FluentWait.until(FluentWait.java:228)
	at pageobjects.EditInvoicePage.enterQuantity(EditInvoicePage.java:84)
	... 32 more
Caused by: org.openqa.selenium.NoSuchElementException: no such element: Unable to locate element: {"method":"css selector","selector":"input[name='splQuantity']"}
  (Session info: chrome=147.0.7727.117)
For documentation on this error, please visit: https://www.selenium.dev/documentation/webdriver/troubleshooting/errors#no-such-element-exception
Build info: version: '4.18.1', revision: 'b1d3319b48'
System info: os.name: 'Windows 11', os.arch: 'amd64', os.version: '10.0', java.version: '26'
Driver info: org.openqa.selenium.chrome.ChromeDriver
Command: [7953e856a6fa8b2669399bf33bfa4a31, findElement {value=input[name='splQuantity'], using=css selector}]
Capabilities {acceptInsecureCerts: false, browserName: chrome, browserVersion: 147.0.7727.117, chrome: {chromedriverVersion: 147.0.7727.117 (474cc805edd..., userDataDir: C:\Users\ASUS\AppData\Local...}, fedcm:accounts: true, goog:chromeOptions: {debuggerAddress: localhost:53053}, goog:processID: 27304, networkConnectionEnabled: false, pageLoadStrategy: normal, platformName: windows, proxy: Proxy(), se:cdp: ws://localhost:53053/devtoo..., se:cdpVersion: 147.0.7727.117, setWindowRect: true, strictFileInteractability: false, timeouts: {implicit: 0, pageLoad: 300000, script: 30000}, unhandledPromptBehavior: dismiss and notify, webauthn:extension:credBlob: true, webauthn:extension:largeBlob: true, webauthn:extension:minPinLength: true, webauthn:extension:prf: true, webauthn:virtualAuthenticators: true}
Session ID: 7953e856a6fa8b2669399bf33bfa4a31
	at java.base/jdk.internal.reflect.DirectConstructorHandleAccessor.newInstance(DirectConstructorHandleAccessor.java:62)
	at java.base/java.lang.reflect.Constructor.newInstanceWithCaller(Constructor.java:499)
	at java.base/java.lang.reflect.Constructor.newInstance(Constructor.java:483)
	at org.openqa.selenium.remote.ErrorCodec.decode(ErrorCodec.java:167)
	at org.openqa.selenium.remote.codec.w3c.W3CHttpResponseCodec.decode(W3CHttpResponseCodec.java:138)
	at org.openqa.selenium.remote.codec.w3c.W3CHttpResponseCodec.decode(W3CHttpResponseCodec.java:50)
	at org.openqa.selenium.remote.HttpCommandExecutor.execute(HttpCommandExecutor.java:190)
	at org.openqa.selenium.remote.service.DriverCommandExecutor.invokeExecute(DriverCommandExecutor.java:216)
	at org.openqa.selenium.remote.service.DriverCommandExecutor.execute(DriverCommandExecutor.java:174)
	at org.openqa.selenium.remote.RemoteWebDriver.execute(RemoteWebDriver.java:519)
	at org.openqa.selenium.remote.ElementLocation$ElementFinder$2.findElement(ElementLocation.java:165)
	at org.openqa.selenium.remote.ElementLocation.findElement(ElementLocation.java:59)
	at org.openqa.selenium.remote.RemoteWebDriver.findElement(RemoteWebDriver.java:356)
	at org.openqa.selenium.remote.RemoteWebDriver.findElement(RemoteWebDriver.java:350)
	at org.openqa.selenium.support.ui.ExpectedConditions$6.apply(ExpectedConditions.java:171)
	at org.openqa.selenium.support.ui.ExpectedConditions$6.apply(ExpectedConditions.java:168)
	at org.openqa.selenium.support.ui.FluentWait.until(FluentWait.java:203)
	... 33 more

[INFO] 
[INFO] Results:
[INFO] 
[ERROR] Failures: 
[ERROR]   EditInvoiceTest.testEditQuantityToZero:54 Â» Runtime org.openqa.selenium.TimeoutException: Expected condition failed: waiting for presence of element located by: By.cssSelector: input[name='splQuantity'] (tried for 15 second(s) with 500 milliseconds interval)
[INFO] 
[ERROR] Tests run: 1, Failures: 1, Errors: 0, Skipped: 0
[INFO] 
[INFO] ------------------------------------------------------------------------
[INFO] BUILD FAILURE
[INFO] ------------------------------------------------------------------------
[INFO] Total time:  46.073 s
[INFO] Finished at: 2026-04-30T13:49:50+07:00
[INFO] ------------------------------------------------------------------------
[ERROR] Failed to execute goal org.apache.maven.plugins:maven-surefire-plugin:3.0.0-M8:test (default-test) on project KTAuto_Sele_Java_Nhom6_CK: There are test failures.
[ERROR] 
[ERROR] Please refer to E:\TEST_WEB\test_auto\KTAuto_Sele_Java_Nhom6_CK\target\surefire-reports for the individual test results.
[ERROR] Please refer to dump files (if any exist) [date].dump, [date]-jvmRun[N].dump and [date].dumpstream.
[ERROR] -> [Help 1]
[ERROR] 
[ERROR] To see the full stack trace of the errors, re-run Maven with the -e switch.
[ERROR] Re-run Maven using the -X switch to enable full debug logging.
[ERROR] 
[ERROR] For more information about the errors and possible solutions, please read the following articles:
[ERROR] [Help 1] http://cwiki.apache.org/confluence/display/MAVEN/MojoFailureException
